[2021-02-16 10:25:30,409] {scheduler_job.py:181} INFO - Started process (PID=7615) to work on /Users/sara/airflow/dags/ge_snowflake_dag.py
[2021-02-16 10:25:30,410] {scheduler_job.py:629} INFO - Processing file /Users/sara/airflow/dags/ge_snowflake_dag.py for tasks to queue
[2021-02-16 10:25:30,410] {logging_mixin.py:103} INFO - [2021-02-16 10:25:30,410] {dagbag.py:440} INFO - Filling up the DagBag from /Users/sara/airflow/dags/ge_snowflake_dag.py
[2021-02-16 10:25:36,962] {logging_mixin.py:103} INFO - [2021-02-16 10:25:36,961] {arrow_result.pyx:0} INFO - Failed to import optional packages, pyarrow
[2021-02-16 10:25:38,400] {logging_mixin.py:103} INFO - [2021-02-16 10:25:38,399] {data_context.py:755} WARNING - Detected legacy config version (2.0) so will try to use default checkpoint store name.
  Please update your configuration to the new version number 3.0 in order to use the new "Checkpoint Store" feature.  Visit https://docs.greatexpectations.io/en/latest/how_to_guides/migrating_versions.html to learn more about the upgrade process.
[2021-02-16 10:25:39,774] {logging_mixin.py:103} INFO - [2021-02-16 10:25:39,774] {data_context.py:755} WARNING - Detected legacy config version (2.0) so will try to use default checkpoint store name.
  Please update your configuration to the new version number 3.0 in order to use the new "Checkpoint Store" feature.  Visit https://docs.greatexpectations.io/en/latest/how_to_guides/migrating_versions.html to learn more about the upgrade process.
[2021-02-16 10:25:40,244] {logging_mixin.py:103} INFO - [2021-02-16 10:25:40,244] {data_context.py:755} WARNING - Detected legacy config version (2.0) so will try to use default checkpoint store name.
  Please update your configuration to the new version number 3.0 in order to use the new "Checkpoint Store" feature.  Visit https://docs.greatexpectations.io/en/latest/how_to_guides/migrating_versions.html to learn more about the upgrade process.
[2021-02-16 10:25:40,604] {logging_mixin.py:103} INFO - [2021-02-16 10:25:40,604] {connection.py:215} INFO - Snowflake Connector for Python Version: 2.3.9, Python Version: 3.8.6, Platform: macOS-10.16-x86_64-i386-64bit
[2021-02-16 10:25:40,604] {logging_mixin.py:103} INFO - [2021-02-16 10:25:40,604] {connection.py:768} INFO - This connection is in OCSP Fail Open Mode. TLS Certificates would be checked for validity and revocation status. Any other Certificate Revocation related exceptions or OCSP Responder failures would be disregarded in favor of connectivity.
[2021-02-16 10:25:40,605] {logging_mixin.py:103} INFO - [2021-02-16 10:25:40,605] {connection.py:784} INFO - Setting use_openssl_only mode to False
[2021-02-16 10:25:43,338] {logging_mixin.py:103} INFO - [2021-02-16 10:25:43,338] {cursor.py:537} INFO - query: [SELECT CAST('test plain returns' AS VARCHAR(60)) AS anon_1]
[2021-02-16 10:25:43,430] {logging_mixin.py:103} INFO - [2021-02-16 10:25:43,430] {cursor.py:560} INFO - query execution done
[2021-02-16 10:25:43,432] {logging_mixin.py:103} INFO - [2021-02-16 10:25:43,431] {cursor.py:537} INFO - query: [SELECT CAST('test unicode returns' AS VARCHAR(60)) AS anon_1]
[2021-02-16 10:25:44,126] {logging_mixin.py:103} INFO - [2021-02-16 10:25:44,126] {cursor.py:560} INFO - query execution done
[2021-02-16 10:25:44,127] {logging_mixin.py:103} INFO - [2021-02-16 10:25:44,127] {cursor.py:537} INFO - query: [ROLLBACK]
[2021-02-16 10:25:44,209] {logging_mixin.py:103} INFO - [2021-02-16 10:25:44,209] {cursor.py:560} INFO - query execution done
[2021-02-16 10:25:44,408] {logging_mixin.py:103} INFO - [2021-02-16 10:25:44,408] {cursor.py:537} INFO - query: [ROLLBACK]
[2021-02-16 10:25:44,566] {logging_mixin.py:103} INFO - [2021-02-16 10:25:44,566] {cursor.py:560} INFO - query execution done
[2021-02-16 10:25:45,040] {scheduler_job.py:639} INFO - DAG(s) dict_keys(['ge_snowflake_dag']) retrieved from /Users/sara/airflow/dags/ge_snowflake_dag.py
[2021-02-16 10:25:45,041] {logging_mixin.py:103} INFO - [2021-02-16 10:25:45,041] {dag.py:1813} INFO - Sync 1 DAGs
[2021-02-16 10:25:45,170] {logging_mixin.py:103} INFO - [2021-02-16 10:25:45,169] {dag.py:2266} INFO - Setting next_dagrun for ge_snowflake_dag to 2021-02-02 07:35:16.530226+00:00
[2021-02-16 10:25:45,229] {scheduler_job.py:189} INFO - Processing /Users/sara/airflow/dags/ge_snowflake_dag.py took 14.820 seconds
[2021-02-16 10:26:38,407] {scheduler_job.py:181} INFO - Started process (PID=7796) to work on /Users/sara/airflow/dags/ge_snowflake_dag.py
[2021-02-16 10:26:38,408] {scheduler_job.py:629} INFO - Processing file /Users/sara/airflow/dags/ge_snowflake_dag.py for tasks to queue
[2021-02-16 10:26:38,409] {logging_mixin.py:103} INFO - [2021-02-16 10:26:38,409] {dagbag.py:440} INFO - Filling up the DagBag from /Users/sara/airflow/dags/ge_snowflake_dag.py
[2021-02-16 10:26:40,986] {logging_mixin.py:103} INFO - [2021-02-16 10:26:40,986] {arrow_result.pyx:0} INFO - Failed to import optional packages, pyarrow
[2021-02-16 10:26:41,637] {logging_mixin.py:103} INFO - [2021-02-16 10:26:41,637] {data_context.py:755} WARNING - Detected legacy config version (2.0) so will try to use default checkpoint store name.
  Please update your configuration to the new version number 3.0 in order to use the new "Checkpoint Store" feature.  Visit https://docs.greatexpectations.io/en/latest/how_to_guides/migrating_versions.html to learn more about the upgrade process.
[2021-02-16 10:26:41,742] {logging_mixin.py:103} INFO - [2021-02-16 10:26:41,742] {data_context.py:755} WARNING - Detected legacy config version (2.0) so will try to use default checkpoint store name.
  Please update your configuration to the new version number 3.0 in order to use the new "Checkpoint Store" feature.  Visit https://docs.greatexpectations.io/en/latest/how_to_guides/migrating_versions.html to learn more about the upgrade process.
[2021-02-16 10:26:41,839] {logging_mixin.py:103} INFO - [2021-02-16 10:26:41,839] {data_context.py:755} WARNING - Detected legacy config version (2.0) so will try to use default checkpoint store name.
  Please update your configuration to the new version number 3.0 in order to use the new "Checkpoint Store" feature.  Visit https://docs.greatexpectations.io/en/latest/how_to_guides/migrating_versions.html to learn more about the upgrade process.
[2021-02-16 10:26:41,920] {logging_mixin.py:103} INFO - [2021-02-16 10:26:41,920] {connection.py:215} INFO - Snowflake Connector for Python Version: 2.3.9, Python Version: 3.8.6, Platform: macOS-10.16-x86_64-i386-64bit
[2021-02-16 10:26:41,921] {logging_mixin.py:103} INFO - [2021-02-16 10:26:41,921] {connection.py:768} INFO - This connection is in OCSP Fail Open Mode. TLS Certificates would be checked for validity and revocation status. Any other Certificate Revocation related exceptions or OCSP Responder failures would be disregarded in favor of connectivity.
[2021-02-16 10:26:41,921] {logging_mixin.py:103} INFO - [2021-02-16 10:26:41,921] {connection.py:784} INFO - Setting use_openssl_only mode to False
[2021-02-16 10:26:43,005] {logging_mixin.py:103} INFO - [2021-02-16 10:26:43,005] {cursor.py:537} INFO - query: [SELECT CAST('test plain returns' AS VARCHAR(60)) AS anon_1]
[2021-02-16 10:26:43,181] {logging_mixin.py:103} INFO - [2021-02-16 10:26:43,181] {cursor.py:560} INFO - query execution done
[2021-02-16 10:26:43,183] {logging_mixin.py:103} INFO - [2021-02-16 10:26:43,182] {cursor.py:537} INFO - query: [SELECT CAST('test unicode returns' AS VARCHAR(60)) AS anon_1]
[2021-02-16 10:26:43,271] {logging_mixin.py:103} INFO - [2021-02-16 10:26:43,271] {cursor.py:560} INFO - query execution done
[2021-02-16 10:26:43,272] {logging_mixin.py:103} INFO - [2021-02-16 10:26:43,271] {cursor.py:537} INFO - query: [ROLLBACK]
[2021-02-16 10:26:43,399] {logging_mixin.py:103} INFO - [2021-02-16 10:26:43,399] {cursor.py:560} INFO - query execution done
[2021-02-16 10:26:43,504] {logging_mixin.py:103} INFO - [2021-02-16 10:26:43,504] {cursor.py:537} INFO - query: [ROLLBACK]
[2021-02-16 10:26:43,604] {logging_mixin.py:103} INFO - [2021-02-16 10:26:43,603] {cursor.py:560} INFO - query execution done
[2021-02-16 10:26:43,733] {scheduler_job.py:639} INFO - DAG(s) dict_keys(['ge_snowflake_dag']) retrieved from /Users/sara/airflow/dags/ge_snowflake_dag.py
[2021-02-16 10:26:43,733] {logging_mixin.py:103} INFO - [2021-02-16 10:26:43,733] {dag.py:1813} INFO - Sync 1 DAGs
[2021-02-16 10:26:43,766] {logging_mixin.py:103} INFO - [2021-02-16 10:26:43,765] {dag.py:2266} INFO - Setting next_dagrun for ge_snowflake_dag to 2021-02-02 07:35:16.530226+00:00
[2021-02-16 10:26:43,777] {scheduler_job.py:189} INFO - Processing /Users/sara/airflow/dags/ge_snowflake_dag.py took 5.370 seconds
[2021-02-16 10:27:07,076] {scheduler_job.py:181} INFO - Started process (PID=7833) to work on /Users/sara/airflow/dags/ge_snowflake_dag.py
[2021-02-16 10:27:07,077] {scheduler_job.py:629} INFO - Processing file /Users/sara/airflow/dags/ge_snowflake_dag.py for tasks to queue
[2021-02-16 10:27:07,077] {logging_mixin.py:103} INFO - [2021-02-16 10:27:07,077] {dagbag.py:440} INFO - Filling up the DagBag from /Users/sara/airflow/dags/ge_snowflake_dag.py
[2021-02-16 10:27:09,141] {logging_mixin.py:103} INFO - [2021-02-16 10:27:09,141] {arrow_result.pyx:0} INFO - Failed to import optional packages, pyarrow
[2021-02-16 10:27:09,619] {logging_mixin.py:103} INFO - [2021-02-16 10:27:09,619] {data_context.py:755} WARNING - Detected legacy config version (2.0) so will try to use default checkpoint store name.
  Please update your configuration to the new version number 3.0 in order to use the new "Checkpoint Store" feature.  Visit https://docs.greatexpectations.io/en/latest/how_to_guides/migrating_versions.html to learn more about the upgrade process.
[2021-02-16 10:27:09,701] {logging_mixin.py:103} INFO - [2021-02-16 10:27:09,701] {data_context.py:755} WARNING - Detected legacy config version (2.0) so will try to use default checkpoint store name.
  Please update your configuration to the new version number 3.0 in order to use the new "Checkpoint Store" feature.  Visit https://docs.greatexpectations.io/en/latest/how_to_guides/migrating_versions.html to learn more about the upgrade process.
[2021-02-16 10:27:09,782] {logging_mixin.py:103} INFO - [2021-02-16 10:27:09,782] {data_context.py:755} WARNING - Detected legacy config version (2.0) so will try to use default checkpoint store name.
  Please update your configuration to the new version number 3.0 in order to use the new "Checkpoint Store" feature.  Visit https://docs.greatexpectations.io/en/latest/how_to_guides/migrating_versions.html to learn more about the upgrade process.
[2021-02-16 10:27:09,856] {logging_mixin.py:103} INFO - [2021-02-16 10:27:09,856] {connection.py:215} INFO - Snowflake Connector for Python Version: 2.3.9, Python Version: 3.8.6, Platform: macOS-10.16-x86_64-i386-64bit
[2021-02-16 10:27:09,856] {logging_mixin.py:103} INFO - [2021-02-16 10:27:09,856] {connection.py:768} INFO - This connection is in OCSP Fail Open Mode. TLS Certificates would be checked for validity and revocation status. Any other Certificate Revocation related exceptions or OCSP Responder failures would be disregarded in favor of connectivity.
[2021-02-16 10:27:09,857] {logging_mixin.py:103} INFO - [2021-02-16 10:27:09,856] {connection.py:784} INFO - Setting use_openssl_only mode to False
[2021-02-16 10:27:10,962] {logging_mixin.py:103} INFO - [2021-02-16 10:27:10,962] {cursor.py:537} INFO - query: [SELECT CAST('test plain returns' AS VARCHAR(60)) AS anon_1]
[2021-02-16 10:27:11,061] {logging_mixin.py:103} INFO - [2021-02-16 10:27:11,061] {cursor.py:560} INFO - query execution done
[2021-02-16 10:27:11,063] {logging_mixin.py:103} INFO - [2021-02-16 10:27:11,063] {cursor.py:537} INFO - query: [SELECT CAST('test unicode returns' AS VARCHAR(60)) AS anon_1]
[2021-02-16 10:27:11,165] {logging_mixin.py:103} INFO - [2021-02-16 10:27:11,165] {cursor.py:560} INFO - query execution done
[2021-02-16 10:27:11,166] {logging_mixin.py:103} INFO - [2021-02-16 10:27:11,166] {cursor.py:537} INFO - query: [ROLLBACK]
[2021-02-16 10:27:11,265] {logging_mixin.py:103} INFO - [2021-02-16 10:27:11,265] {cursor.py:560} INFO - query execution done
[2021-02-16 10:27:11,355] {logging_mixin.py:103} INFO - [2021-02-16 10:27:11,355] {cursor.py:537} INFO - query: [ROLLBACK]
[2021-02-16 10:27:11,443] {logging_mixin.py:103} INFO - [2021-02-16 10:27:11,443] {cursor.py:560} INFO - query execution done
[2021-02-16 10:27:11,561] {scheduler_job.py:639} INFO - DAG(s) dict_keys(['ge_snowflake_dag']) retrieved from /Users/sara/airflow/dags/ge_snowflake_dag.py
[2021-02-16 10:27:11,561] {logging_mixin.py:103} INFO - [2021-02-16 10:27:11,561] {dag.py:1813} INFO - Sync 1 DAGs
[2021-02-16 10:27:11,593] {logging_mixin.py:103} INFO - [2021-02-16 10:27:11,593] {dag.py:2266} INFO - Setting next_dagrun for ge_snowflake_dag to 2021-02-02 07:35:16.530226+00:00
[2021-02-16 10:27:11,602] {scheduler_job.py:189} INFO - Processing /Users/sara/airflow/dags/ge_snowflake_dag.py took 4.526 seconds
[2021-02-16 10:27:35,061] {scheduler_job.py:181} INFO - Started process (PID=7874) to work on /Users/sara/airflow/dags/ge_snowflake_dag.py
[2021-02-16 10:27:35,063] {scheduler_job.py:629} INFO - Processing file /Users/sara/airflow/dags/ge_snowflake_dag.py for tasks to queue
[2021-02-16 10:27:35,064] {logging_mixin.py:103} INFO - [2021-02-16 10:27:35,064] {dagbag.py:440} INFO - Filling up the DagBag from /Users/sara/airflow/dags/ge_snowflake_dag.py
[2021-02-16 10:27:37,574] {logging_mixin.py:103} INFO - [2021-02-16 10:27:37,574] {arrow_result.pyx:0} INFO - Failed to import optional packages, pyarrow
[2021-02-16 10:27:38,338] {logging_mixin.py:103} INFO - [2021-02-16 10:27:38,337] {data_context.py:755} WARNING - Detected legacy config version (2.0) so will try to use default checkpoint store name.
  Please update your configuration to the new version number 3.0 in order to use the new "Checkpoint Store" feature.  Visit https://docs.greatexpectations.io/en/latest/how_to_guides/migrating_versions.html to learn more about the upgrade process.
[2021-02-16 10:27:38,421] {logging_mixin.py:103} INFO - [2021-02-16 10:27:38,421] {data_context.py:755} WARNING - Detected legacy config version (2.0) so will try to use default checkpoint store name.
  Please update your configuration to the new version number 3.0 in order to use the new "Checkpoint Store" feature.  Visit https://docs.greatexpectations.io/en/latest/how_to_guides/migrating_versions.html to learn more about the upgrade process.
[2021-02-16 10:27:38,509] {logging_mixin.py:103} INFO - [2021-02-16 10:27:38,509] {data_context.py:755} WARNING - Detected legacy config version (2.0) so will try to use default checkpoint store name.
  Please update your configuration to the new version number 3.0 in order to use the new "Checkpoint Store" feature.  Visit https://docs.greatexpectations.io/en/latest/how_to_guides/migrating_versions.html to learn more about the upgrade process.
[2021-02-16 10:27:38,587] {logging_mixin.py:103} INFO - [2021-02-16 10:27:38,586] {connection.py:215} INFO - Snowflake Connector for Python Version: 2.3.9, Python Version: 3.8.6, Platform: macOS-10.16-x86_64-i386-64bit
[2021-02-16 10:27:38,587] {logging_mixin.py:103} INFO - [2021-02-16 10:27:38,587] {connection.py:768} INFO - This connection is in OCSP Fail Open Mode. TLS Certificates would be checked for validity and revocation status. Any other Certificate Revocation related exceptions or OCSP Responder failures would be disregarded in favor of connectivity.
[2021-02-16 10:27:38,587] {logging_mixin.py:103} INFO - [2021-02-16 10:27:38,587] {connection.py:784} INFO - Setting use_openssl_only mode to False
[2021-02-16 10:27:39,568] {logging_mixin.py:103} INFO - [2021-02-16 10:27:39,568] {cursor.py:537} INFO - query: [SELECT CAST('test plain returns' AS VARCHAR(60)) AS anon_1]
[2021-02-16 10:27:39,665] {logging_mixin.py:103} INFO - [2021-02-16 10:27:39,665] {cursor.py:560} INFO - query execution done
[2021-02-16 10:27:39,667] {logging_mixin.py:103} INFO - [2021-02-16 10:27:39,667] {cursor.py:537} INFO - query: [SELECT CAST('test unicode returns' AS VARCHAR(60)) AS anon_1]
[2021-02-16 10:27:39,768] {logging_mixin.py:103} INFO - [2021-02-16 10:27:39,768] {cursor.py:560} INFO - query execution done
[2021-02-16 10:27:39,768] {logging_mixin.py:103} INFO - [2021-02-16 10:27:39,768] {cursor.py:537} INFO - query: [ROLLBACK]
[2021-02-16 10:27:39,869] {logging_mixin.py:103} INFO - [2021-02-16 10:27:39,869] {cursor.py:560} INFO - query execution done
[2021-02-16 10:27:39,964] {logging_mixin.py:103} INFO - [2021-02-16 10:27:39,963] {cursor.py:537} INFO - query: [ROLLBACK]
[2021-02-16 10:27:40,072] {logging_mixin.py:103} INFO - [2021-02-16 10:27:40,071] {cursor.py:560} INFO - query execution done
[2021-02-16 10:27:40,209] {scheduler_job.py:639} INFO - DAG(s) dict_keys(['ge_snowflake_dag']) retrieved from /Users/sara/airflow/dags/ge_snowflake_dag.py
[2021-02-16 10:27:40,210] {logging_mixin.py:103} INFO - [2021-02-16 10:27:40,210] {dag.py:1813} INFO - Sync 1 DAGs
[2021-02-16 10:27:40,246] {logging_mixin.py:103} INFO - [2021-02-16 10:27:40,246] {dag.py:2266} INFO - Setting next_dagrun for ge_snowflake_dag to 2021-02-02 07:35:16.530226+00:00
[2021-02-16 10:27:40,256] {scheduler_job.py:189} INFO - Processing /Users/sara/airflow/dags/ge_snowflake_dag.py took 5.195 seconds
[2021-02-16 10:28:00,671] {scheduler_job.py:181} INFO - Started process (PID=7920) to work on /Users/sara/airflow/dags/ge_snowflake_dag.py
[2021-02-16 10:28:00,671] {scheduler_job.py:629} INFO - Processing file /Users/sara/airflow/dags/ge_snowflake_dag.py for tasks to queue
[2021-02-16 10:28:00,672] {logging_mixin.py:103} INFO - [2021-02-16 10:28:00,671] {dagbag.py:440} INFO - Filling up the DagBag from /Users/sara/airflow/dags/ge_snowflake_dag.py
[2021-02-16 10:28:02,661] {logging_mixin.py:103} INFO - [2021-02-16 10:28:02,661] {arrow_result.pyx:0} INFO - Failed to import optional packages, pyarrow
[2021-02-16 10:28:03,076] {logging_mixin.py:103} INFO - [2021-02-16 10:28:03,076] {data_context.py:755} WARNING - Detected legacy config version (2.0) so will try to use default checkpoint store name.
  Please update your configuration to the new version number 3.0 in order to use the new "Checkpoint Store" feature.  Visit https://docs.greatexpectations.io/en/latest/how_to_guides/migrating_versions.html to learn more about the upgrade process.
[2021-02-16 10:28:03,155] {logging_mixin.py:103} INFO - [2021-02-16 10:28:03,155] {data_context.py:755} WARNING - Detected legacy config version (2.0) so will try to use default checkpoint store name.
  Please update your configuration to the new version number 3.0 in order to use the new "Checkpoint Store" feature.  Visit https://docs.greatexpectations.io/en/latest/how_to_guides/migrating_versions.html to learn more about the upgrade process.
[2021-02-16 10:28:03,236] {logging_mixin.py:103} INFO - [2021-02-16 10:28:03,235] {data_context.py:755} WARNING - Detected legacy config version (2.0) so will try to use default checkpoint store name.
  Please update your configuration to the new version number 3.0 in order to use the new "Checkpoint Store" feature.  Visit https://docs.greatexpectations.io/en/latest/how_to_guides/migrating_versions.html to learn more about the upgrade process.
[2021-02-16 10:28:03,311] {logging_mixin.py:103} INFO - [2021-02-16 10:28:03,311] {connection.py:215} INFO - Snowflake Connector for Python Version: 2.3.9, Python Version: 3.8.6, Platform: macOS-10.16-x86_64-i386-64bit
[2021-02-16 10:28:03,311] {logging_mixin.py:103} INFO - [2021-02-16 10:28:03,311] {connection.py:768} INFO - This connection is in OCSP Fail Open Mode. TLS Certificates would be checked for validity and revocation status. Any other Certificate Revocation related exceptions or OCSP Responder failures would be disregarded in favor of connectivity.
[2021-02-16 10:28:03,312] {logging_mixin.py:103} INFO - [2021-02-16 10:28:03,311] {connection.py:784} INFO - Setting use_openssl_only mode to False
[2021-02-16 10:28:04,186] {logging_mixin.py:103} INFO - [2021-02-16 10:28:04,186] {cursor.py:537} INFO - query: [SELECT CAST('test plain returns' AS VARCHAR(60)) AS anon_1]
[2021-02-16 10:28:04,442] {logging_mixin.py:103} INFO - [2021-02-16 10:28:04,442] {cursor.py:560} INFO - query execution done
[2021-02-16 10:28:04,444] {logging_mixin.py:103} INFO - [2021-02-16 10:28:04,444] {cursor.py:537} INFO - query: [SELECT CAST('test unicode returns' AS VARCHAR(60)) AS anon_1]
[2021-02-16 10:28:04,533] {logging_mixin.py:103} INFO - [2021-02-16 10:28:04,533] {cursor.py:560} INFO - query execution done
[2021-02-16 10:28:04,534] {logging_mixin.py:103} INFO - [2021-02-16 10:28:04,534] {cursor.py:537} INFO - query: [ROLLBACK]
[2021-02-16 10:28:04,626] {logging_mixin.py:103} INFO - [2021-02-16 10:28:04,625] {cursor.py:560} INFO - query execution done
[2021-02-16 10:28:04,715] {logging_mixin.py:103} INFO - [2021-02-16 10:28:04,715] {cursor.py:537} INFO - query: [ROLLBACK]
[2021-02-16 10:28:04,909] {logging_mixin.py:103} INFO - [2021-02-16 10:28:04,909] {cursor.py:560} INFO - query execution done
[2021-02-16 10:28:05,028] {scheduler_job.py:639} INFO - DAG(s) dict_keys(['ge_snowflake_dag']) retrieved from /Users/sara/airflow/dags/ge_snowflake_dag.py
[2021-02-16 10:28:05,028] {logging_mixin.py:103} INFO - [2021-02-16 10:28:05,028] {dag.py:1813} INFO - Sync 1 DAGs
[2021-02-16 10:28:05,060] {logging_mixin.py:103} INFO - [2021-02-16 10:28:05,060] {dag.py:2266} INFO - Setting next_dagrun for ge_snowflake_dag to 2021-02-02 07:35:16.530226+00:00
[2021-02-16 10:28:05,069] {scheduler_job.py:189} INFO - Processing /Users/sara/airflow/dags/ge_snowflake_dag.py took 4.399 seconds
[2021-02-16 10:28:22,959] {scheduler_job.py:181} INFO - Started process (PID=7954) to work on /Users/sara/airflow/dags/ge_snowflake_dag.py
[2021-02-16 10:28:22,959] {scheduler_job.py:629} INFO - Processing file /Users/sara/airflow/dags/ge_snowflake_dag.py for tasks to queue
[2021-02-16 10:28:22,960] {logging_mixin.py:103} INFO - [2021-02-16 10:28:22,960] {dagbag.py:440} INFO - Filling up the DagBag from /Users/sara/airflow/dags/ge_snowflake_dag.py
[2021-02-16 10:28:26,013] {logging_mixin.py:103} INFO - [2021-02-16 10:28:26,013] {arrow_result.pyx:0} INFO - Failed to import optional packages, pyarrow
[2021-02-16 10:28:26,426] {logging_mixin.py:103} INFO - [2021-02-16 10:28:26,416] {dagbag.py:297} ERROR - Failed to import: /Users/sara/airflow/dags/ge_snowflake_dag.py
Traceback (most recent call last):
  File "/Users/sara/Dropbox/My Mac (admin’s MacBook Air)/Desktop/demo/great_expectations/great_expectations/data_context/data_context.py", line 3404, in _load_project_config
    with open(path_to_yml) as data:
FileNotFoundError: [Errno 2] No such file or directory: '/Users/sara/airflow/dags/snowflake/great_expectations/great_expectations.yml'

During handling of the above exception, another exception occurred:

Traceback (most recent call last):
  File "/Users/sara/p38_demo_env/lib/python3.8/site-packages/airflow/models/dagbag.py", line 294, in _load_modules_from_file
    loader.exec_module(new_module)
  File "<frozen importlib._bootstrap_external>", line 783, in exec_module
  File "<frozen importlib._bootstrap>", line 219, in _call_with_frames_removed
  File "/Users/sara/airflow/dags/ge_snowflake_dag.py", line 59, in <module>
    ge_checkpoint_pass = GreatExpectationsOperator(
  File "/Users/sara/p38_demo_env/lib/python3.8/site-packages/airflow/models/baseoperator.py", line 89, in __call__
    obj: BaseOperator = type.__call__(cls, *args, **kwargs)
  File "/Users/sara/p38_demo_env/lib/python3.8/site-packages/airflow/utils/decorators.py", line 94, in wrapper
    result = func(*args, **kwargs)
  File "/Users/sara/p38_demo_env/lib/python3.8/site-packages/great_expectations_provider/operators/great_expectations.py", line 76, in __init__
    self.data_context = ge.DataContext(data_context_root_dir)
  File "/Users/sara/Dropbox/My Mac (admin’s MacBook Air)/Desktop/demo/great_expectations/great_expectations/data_context/data_context.py", line 3383, in __init__
    project_config = self._load_project_config()
  File "/Users/sara/Dropbox/My Mac (admin’s MacBook Air)/Desktop/demo/great_expectations/great_expectations/data_context/data_context.py", line 3418, in _load_project_config
    raise ge_exceptions.ConfigNotFoundError()
great_expectations.exceptions.exceptions.ConfigNotFoundError: Error: No great_expectations directory was found here!
    - Please check that you are in the correct directory or have specified the correct directory.
    - If you have never run Great Expectations in this project, please run `great_expectations init` to get started.
[2021-02-16 10:28:26,427] {scheduler_job.py:641} WARNING - No viable dags retrieved from /Users/sara/airflow/dags/ge_snowflake_dag.py
[2021-02-16 10:28:26,471] {scheduler_job.py:189} INFO - Processing /Users/sara/airflow/dags/ge_snowflake_dag.py took 3.514 seconds
[2021-02-16 10:28:45,158] {scheduler_job.py:181} INFO - Started process (PID=7989) to work on /Users/sara/airflow/dags/ge_snowflake_dag.py
[2021-02-16 10:28:45,158] {scheduler_job.py:629} INFO - Processing file /Users/sara/airflow/dags/ge_snowflake_dag.py for tasks to queue
[2021-02-16 10:28:45,159] {logging_mixin.py:103} INFO - [2021-02-16 10:28:45,159] {dagbag.py:440} INFO - Filling up the DagBag from /Users/sara/airflow/dags/ge_snowflake_dag.py
[2021-02-16 10:28:47,712] {logging_mixin.py:103} INFO - [2021-02-16 10:28:47,711] {arrow_result.pyx:0} INFO - Failed to import optional packages, pyarrow
[2021-02-16 10:28:48,244] {logging_mixin.py:103} INFO - [2021-02-16 10:28:48,244] {data_context.py:755} WARNING - Detected legacy config version (2.0) so will try to use default checkpoint store name.
  Please update your configuration to the new version number 3.0 in order to use the new "Checkpoint Store" feature.  Visit https://docs.greatexpectations.io/en/latest/how_to_guides/migrating_versions.html to learn more about the upgrade process.
[2021-02-16 10:28:48,340] {logging_mixin.py:103} INFO - [2021-02-16 10:28:48,339] {data_context.py:755} WARNING - Detected legacy config version (2.0) so will try to use default checkpoint store name.
  Please update your configuration to the new version number 3.0 in order to use the new "Checkpoint Store" feature.  Visit https://docs.greatexpectations.io/en/latest/how_to_guides/migrating_versions.html to learn more about the upgrade process.
[2021-02-16 10:28:48,429] {logging_mixin.py:103} INFO - [2021-02-16 10:28:48,429] {data_context.py:755} WARNING - Detected legacy config version (2.0) so will try to use default checkpoint store name.
  Please update your configuration to the new version number 3.0 in order to use the new "Checkpoint Store" feature.  Visit https://docs.greatexpectations.io/en/latest/how_to_guides/migrating_versions.html to learn more about the upgrade process.
[2021-02-16 10:28:48,507] {logging_mixin.py:103} INFO - [2021-02-16 10:28:48,507] {connection.py:215} INFO - Snowflake Connector for Python Version: 2.3.9, Python Version: 3.8.6, Platform: macOS-10.16-x86_64-i386-64bit
[2021-02-16 10:28:48,507] {logging_mixin.py:103} INFO - [2021-02-16 10:28:48,507] {connection.py:768} INFO - This connection is in OCSP Fail Open Mode. TLS Certificates would be checked for validity and revocation status. Any other Certificate Revocation related exceptions or OCSP Responder failures would be disregarded in favor of connectivity.
[2021-02-16 10:28:48,507] {logging_mixin.py:103} INFO - [2021-02-16 10:28:48,507] {connection.py:784} INFO - Setting use_openssl_only mode to False
[2021-02-16 10:28:49,579] {logging_mixin.py:103} INFO - [2021-02-16 10:28:49,579] {cursor.py:537} INFO - query: [SELECT CAST('test plain returns' AS VARCHAR(60)) AS anon_1]
[2021-02-16 10:28:49,667] {logging_mixin.py:103} INFO - [2021-02-16 10:28:49,667] {cursor.py:560} INFO - query execution done
[2021-02-16 10:28:49,669] {logging_mixin.py:103} INFO - [2021-02-16 10:28:49,668] {cursor.py:537} INFO - query: [SELECT CAST('test unicode returns' AS VARCHAR(60)) AS anon_1]
[2021-02-16 10:28:49,761] {logging_mixin.py:103} INFO - [2021-02-16 10:28:49,761] {cursor.py:560} INFO - query execution done
[2021-02-16 10:28:49,761] {logging_mixin.py:103} INFO - [2021-02-16 10:28:49,761] {cursor.py:537} INFO - query: [ROLLBACK]
[2021-02-16 10:28:49,855] {logging_mixin.py:103} INFO - [2021-02-16 10:28:49,855] {cursor.py:560} INFO - query execution done
[2021-02-16 10:28:49,949] {logging_mixin.py:103} INFO - [2021-02-16 10:28:49,949] {cursor.py:537} INFO - query: [ROLLBACK]
[2021-02-16 10:28:50,048] {logging_mixin.py:103} INFO - [2021-02-16 10:28:50,047] {cursor.py:560} INFO - query execution done
[2021-02-16 10:28:50,091] {logging_mixin.py:103} INFO - [2021-02-16 10:28:50,073] {dagbag.py:297} ERROR - Failed to import: /Users/sara/airflow/dags/ge_snowflake_dag.py
Traceback (most recent call last):
  File "/Users/sara/p38_demo_env/lib/python3.8/site-packages/airflow/models/dagbag.py", line 294, in _load_modules_from_file
    loader.exec_module(new_module)
  File "<frozen importlib._bootstrap_external>", line 783, in exec_module
  File "<frozen importlib._bootstrap>", line 219, in _call_with_frames_removed
  File "/Users/sara/airflow/dags/ge_snowflake_dag.py", line 59, in <module>
    ge_checkpoint_pass = GreatExpectationsOperator(
  File "/Users/sara/p38_demo_env/lib/python3.8/site-packages/airflow/models/baseoperator.py", line 89, in __call__
    obj: BaseOperator = type.__call__(cls, *args, **kwargs)
  File "/Users/sara/p38_demo_env/lib/python3.8/site-packages/airflow/utils/decorators.py", line 94, in wrapper
    result = func(*args, **kwargs)
  File "/Users/sara/p38_demo_env/lib/python3.8/site-packages/great_expectations_provider/operators/great_expectations.py", line 76, in __init__
    self.data_context = ge.DataContext(data_context_root_dir)
  File "/Users/sara/Dropbox/My Mac (admin’s MacBook Air)/Desktop/demo/great_expectations/great_expectations/data_context/data_context.py", line 3384, in __init__
    super().__init__(project_config, context_root_directory, runtime_environment)
  File "/Users/sara/Dropbox/My Mac (admin’s MacBook Air)/Desktop/demo/great_expectations/great_expectations/core/usage_statistics/usage_statistics.py", line 261, in usage_statistics_wrapped_method
    result = func(*args, **kwargs)
  File "/Users/sara/Dropbox/My Mac (admin’s MacBook Air)/Desktop/demo/great_expectations/great_expectations/data_context/data_context.py", line 298, in __init__
    self._init_datasources(self.project_config_with_variables_substituted)
  File "/Users/sara/Dropbox/My Mac (admin’s MacBook Air)/Desktop/demo/great_expectations/great_expectations/data_context/data_context.py", line 372, in _init_datasources
    self._cached_datasources[datasource] = self.get_datasource(
  File "/Users/sara/Dropbox/My Mac (admin’s MacBook Air)/Desktop/demo/great_expectations/great_expectations/data_context/data_context.py", line 1825, in get_datasource
    in self.project_config_with_variables_substituted.datasources
  File "/Users/sara/Dropbox/My Mac (admin’s MacBook Air)/Desktop/demo/great_expectations/great_expectations/data_context/data_context.py", line 724, in project_config_with_variables_substituted
    return self.get_config_with_variables_substituted()
  File "/Users/sara/Dropbox/My Mac (admin’s MacBook Air)/Desktop/demo/great_expectations/great_expectations/data_context/data_context.py", line 867, in get_config_with_variables_substituted
    **substitute_all_config_variables(
  File "/Users/sara/Dropbox/My Mac (admin’s MacBook Air)/Desktop/demo/great_expectations/great_expectations/data_context/util.py", line 231, in substitute_all_config_variables
    return {
  File "/Users/sara/Dropbox/My Mac (admin’s MacBook Air)/Desktop/demo/great_expectations/great_expectations/data_context/util.py", line 232, in <dictcomp>
    k: substitute_all_config_variables(v, replace_variables_dict)
  File "/Users/sara/Dropbox/My Mac (admin’s MacBook Air)/Desktop/demo/great_expectations/great_expectations/data_context/util.py", line 231, in substitute_all_config_variables
    return {
  File "/Users/sara/Dropbox/My Mac (admin’s MacBook Air)/Desktop/demo/great_expectations/great_expectations/data_context/util.py", line 232, in <dictcomp>
    k: substitute_all_config_variables(v, replace_variables_dict)
  File "/Users/sara/Dropbox/My Mac (admin’s MacBook Air)/Desktop/demo/great_expectations/great_expectations/data_context/util.py", line 231, in substitute_all_config_variables
    return {
  File "/Users/sara/Dropbox/My Mac (admin’s MacBook Air)/Desktop/demo/great_expectations/great_expectations/data_context/util.py", line 232, in <dictcomp>
    k: substitute_all_config_variables(v, replace_variables_dict)
  File "/Users/sara/Dropbox/My Mac (admin’s MacBook Air)/Desktop/demo/great_expectations/great_expectations/data_context/util.py", line 239, in substitute_all_config_variables
    return substitute_config_variable(
  File "/Users/sara/Dropbox/My Mac (admin’s MacBook Air)/Desktop/demo/great_expectations/great_expectations/data_context/util.py", line 200, in substitute_config_variable
    raise ge_exceptions.MissingConfigVariableError(
great_expectations.exceptions.exceptions.MissingConfigVariableError: 

Unable to find a match for config substitution variable: `my_snowflake_db`.
Please add this missing variable to your `uncommitted/config_variables.yml` file or your environment variables.
See https://great-expectations.readthedocs.io/en/latest/reference/data_context_reference.html#managing-environment-and-secrets
[2021-02-16 10:28:50,092] {scheduler_job.py:641} WARNING - No viable dags retrieved from /Users/sara/airflow/dags/ge_snowflake_dag.py
[2021-02-16 10:28:50,131] {scheduler_job.py:189} INFO - Processing /Users/sara/airflow/dags/ge_snowflake_dag.py took 4.974 seconds
[2021-02-16 10:29:14,628] {scheduler_job.py:181} INFO - Started process (PID=8025) to work on /Users/sara/airflow/dags/ge_snowflake_dag.py
[2021-02-16 10:29:14,629] {scheduler_job.py:629} INFO - Processing file /Users/sara/airflow/dags/ge_snowflake_dag.py for tasks to queue
[2021-02-16 10:29:14,629] {logging_mixin.py:103} INFO - [2021-02-16 10:29:14,629] {dagbag.py:440} INFO - Filling up the DagBag from /Users/sara/airflow/dags/ge_snowflake_dag.py
[2021-02-16 10:29:17,425] {logging_mixin.py:103} INFO - [2021-02-16 10:29:17,424] {arrow_result.pyx:0} INFO - Failed to import optional packages, pyarrow
[2021-02-16 10:29:17,769] {logging_mixin.py:103} INFO - [2021-02-16 10:29:17,760] {dagbag.py:297} ERROR - Failed to import: /Users/sara/airflow/dags/ge_snowflake_dag.py
Traceback (most recent call last):
  File "/Users/sara/Dropbox/My Mac (admin’s MacBook Air)/Desktop/demo/great_expectations/great_expectations/data_context/data_context.py", line 3404, in _load_project_config
    with open(path_to_yml) as data:
FileNotFoundError: [Errno 2] No such file or directory: '/Users/sara/airflow/dags/snowflake/great_expectations/great_expectations.yml'

During handling of the above exception, another exception occurred:

Traceback (most recent call last):
  File "/Users/sara/p38_demo_env/lib/python3.8/site-packages/airflow/models/dagbag.py", line 294, in _load_modules_from_file
    loader.exec_module(new_module)
  File "<frozen importlib._bootstrap_external>", line 783, in exec_module
  File "<frozen importlib._bootstrap>", line 219, in _call_with_frames_removed
  File "/Users/sara/airflow/dags/ge_snowflake_dag.py", line 59, in <module>
    ge_checkpoint_pass = GreatExpectationsOperator(
  File "/Users/sara/p38_demo_env/lib/python3.8/site-packages/airflow/models/baseoperator.py", line 89, in __call__
    obj: BaseOperator = type.__call__(cls, *args, **kwargs)
  File "/Users/sara/p38_demo_env/lib/python3.8/site-packages/airflow/utils/decorators.py", line 94, in wrapper
    result = func(*args, **kwargs)
  File "/Users/sara/p38_demo_env/lib/python3.8/site-packages/great_expectations_provider/operators/great_expectations.py", line 76, in __init__
    self.data_context = ge.DataContext(data_context_root_dir)
  File "/Users/sara/Dropbox/My Mac (admin’s MacBook Air)/Desktop/demo/great_expectations/great_expectations/data_context/data_context.py", line 3383, in __init__
    project_config = self._load_project_config()
  File "/Users/sara/Dropbox/My Mac (admin’s MacBook Air)/Desktop/demo/great_expectations/great_expectations/data_context/data_context.py", line 3418, in _load_project_config
    raise ge_exceptions.ConfigNotFoundError()
great_expectations.exceptions.exceptions.ConfigNotFoundError: Error: No great_expectations directory was found here!
    - Please check that you are in the correct directory or have specified the correct directory.
    - If you have never run Great Expectations in this project, please run `great_expectations init` to get started.
[2021-02-16 10:29:17,770] {scheduler_job.py:641} WARNING - No viable dags retrieved from /Users/sara/airflow/dags/ge_snowflake_dag.py
[2021-02-16 10:29:17,812] {scheduler_job.py:189} INFO - Processing /Users/sara/airflow/dags/ge_snowflake_dag.py took 3.185 seconds
[2021-02-16 10:29:40,392] {scheduler_job.py:181} INFO - Started process (PID=8087) to work on /Users/sara/airflow/dags/ge_snowflake_dag.py
[2021-02-16 10:29:40,392] {scheduler_job.py:629} INFO - Processing file /Users/sara/airflow/dags/ge_snowflake_dag.py for tasks to queue
[2021-02-16 10:29:40,392] {logging_mixin.py:103} INFO - [2021-02-16 10:29:40,392] {dagbag.py:440} INFO - Filling up the DagBag from /Users/sara/airflow/dags/ge_snowflake_dag.py
[2021-02-16 10:29:42,470] {logging_mixin.py:103} INFO - [2021-02-16 10:29:42,470] {arrow_result.pyx:0} INFO - Failed to import optional packages, pyarrow
[2021-02-16 10:29:42,791] {logging_mixin.py:103} INFO - [2021-02-16 10:29:42,780] {dagbag.py:297} ERROR - Failed to import: /Users/sara/airflow/dags/ge_snowflake_dag.py
Traceback (most recent call last):
  File "/Users/sara/Dropbox/My Mac (admin’s MacBook Air)/Desktop/demo/great_expectations/great_expectations/data_context/data_context.py", line 3404, in _load_project_config
    with open(path_to_yml) as data:
FileNotFoundError: [Errno 2] No such file or directory: '/Users/sara/airflow/dags/snowflake/great_expectations/great_expectations.yml'

During handling of the above exception, another exception occurred:

Traceback (most recent call last):
  File "/Users/sara/p38_demo_env/lib/python3.8/site-packages/airflow/models/dagbag.py", line 294, in _load_modules_from_file
    loader.exec_module(new_module)
  File "<frozen importlib._bootstrap_external>", line 783, in exec_module
  File "<frozen importlib._bootstrap>", line 219, in _call_with_frames_removed
  File "/Users/sara/airflow/dags/ge_snowflake_dag.py", line 59, in <module>
    ge_checkpoint_pass = GreatExpectationsOperator(
  File "/Users/sara/p38_demo_env/lib/python3.8/site-packages/airflow/models/baseoperator.py", line 89, in __call__
    obj: BaseOperator = type.__call__(cls, *args, **kwargs)
  File "/Users/sara/p38_demo_env/lib/python3.8/site-packages/airflow/utils/decorators.py", line 94, in wrapper
    result = func(*args, **kwargs)
  File "/Users/sara/p38_demo_env/lib/python3.8/site-packages/great_expectations_provider/operators/great_expectations.py", line 76, in __init__
    self.data_context = ge.DataContext(data_context_root_dir)
  File "/Users/sara/Dropbox/My Mac (admin’s MacBook Air)/Desktop/demo/great_expectations/great_expectations/data_context/data_context.py", line 3383, in __init__
    project_config = self._load_project_config()
  File "/Users/sara/Dropbox/My Mac (admin’s MacBook Air)/Desktop/demo/great_expectations/great_expectations/data_context/data_context.py", line 3418, in _load_project_config
    raise ge_exceptions.ConfigNotFoundError()
great_expectations.exceptions.exceptions.ConfigNotFoundError: Error: No great_expectations directory was found here!
    - Please check that you are in the correct directory or have specified the correct directory.
    - If you have never run Great Expectations in this project, please run `great_expectations init` to get started.
[2021-02-16 10:29:42,791] {scheduler_job.py:641} WARNING - No viable dags retrieved from /Users/sara/airflow/dags/ge_snowflake_dag.py
[2021-02-16 10:29:42,827] {scheduler_job.py:189} INFO - Processing /Users/sara/airflow/dags/ge_snowflake_dag.py took 2.436 seconds
[2021-02-16 10:30:01,984] {scheduler_job.py:181} INFO - Started process (PID=8126) to work on /Users/sara/airflow/dags/ge_snowflake_dag.py
[2021-02-16 10:30:01,985] {scheduler_job.py:629} INFO - Processing file /Users/sara/airflow/dags/ge_snowflake_dag.py for tasks to queue
[2021-02-16 10:30:01,985] {logging_mixin.py:103} INFO - [2021-02-16 10:30:01,985] {dagbag.py:440} INFO - Filling up the DagBag from /Users/sara/airflow/dags/ge_snowflake_dag.py
[2021-02-16 10:30:03,921] {logging_mixin.py:103} INFO - [2021-02-16 10:30:03,920] {arrow_result.pyx:0} INFO - Failed to import optional packages, pyarrow
[2021-02-16 10:30:04,248] {logging_mixin.py:103} INFO - [2021-02-16 10:30:04,246] {dagbag.py:297} ERROR - Failed to import: /Users/sara/airflow/dags/ge_snowflake_dag.py
Traceback (most recent call last):
  File "/Users/sara/Dropbox/My Mac (admin’s MacBook Air)/Desktop/demo/great_expectations/great_expectations/data_context/data_context.py", line 3404, in _load_project_config
    with open(path_to_yml) as data:
FileNotFoundError: [Errno 2] No such file or directory: '/Users/sara/airflow/dags/snowflake/great_expectations/great_expectations.yml'

During handling of the above exception, another exception occurred:

Traceback (most recent call last):
  File "/Users/sara/p38_demo_env/lib/python3.8/site-packages/airflow/models/dagbag.py", line 294, in _load_modules_from_file
    loader.exec_module(new_module)
  File "<frozen importlib._bootstrap_external>", line 783, in exec_module
  File "<frozen importlib._bootstrap>", line 219, in _call_with_frames_removed
  File "/Users/sara/airflow/dags/ge_snowflake_dag.py", line 59, in <module>
    ge_checkpoint_pass = GreatExpectationsOperator(
  File "/Users/sara/p38_demo_env/lib/python3.8/site-packages/airflow/models/baseoperator.py", line 89, in __call__
    obj: BaseOperator = type.__call__(cls, *args, **kwargs)
  File "/Users/sara/p38_demo_env/lib/python3.8/site-packages/airflow/utils/decorators.py", line 94, in wrapper
    result = func(*args, **kwargs)
  File "/Users/sara/p38_demo_env/lib/python3.8/site-packages/great_expectations_provider/operators/great_expectations.py", line 76, in __init__
    self.data_context = ge.DataContext(data_context_root_dir)
  File "/Users/sara/Dropbox/My Mac (admin’s MacBook Air)/Desktop/demo/great_expectations/great_expectations/data_context/data_context.py", line 3383, in __init__
    project_config = self._load_project_config()
  File "/Users/sara/Dropbox/My Mac (admin’s MacBook Air)/Desktop/demo/great_expectations/great_expectations/data_context/data_context.py", line 3418, in _load_project_config
    raise ge_exceptions.ConfigNotFoundError()
great_expectations.exceptions.exceptions.ConfigNotFoundError: Error: No great_expectations directory was found here!
    - Please check that you are in the correct directory or have specified the correct directory.
    - If you have never run Great Expectations in this project, please run `great_expectations init` to get started.
[2021-02-16 10:30:04,248] {scheduler_job.py:641} WARNING - No viable dags retrieved from /Users/sara/airflow/dags/ge_snowflake_dag.py
[2021-02-16 10:30:04,281] {scheduler_job.py:189} INFO - Processing /Users/sara/airflow/dags/ge_snowflake_dag.py took 2.297 seconds
[2021-02-16 10:30:21,599] {scheduler_job.py:181} INFO - Started process (PID=8160) to work on /Users/sara/airflow/dags/ge_snowflake_dag.py
[2021-02-16 10:30:21,599] {scheduler_job.py:629} INFO - Processing file /Users/sara/airflow/dags/ge_snowflake_dag.py for tasks to queue
[2021-02-16 10:30:21,600] {logging_mixin.py:103} INFO - [2021-02-16 10:30:21,600] {dagbag.py:440} INFO - Filling up the DagBag from /Users/sara/airflow/dags/ge_snowflake_dag.py
[2021-02-16 10:30:24,332] {logging_mixin.py:103} INFO - [2021-02-16 10:30:24,331] {arrow_result.pyx:0} INFO - Failed to import optional packages, pyarrow
[2021-02-16 10:30:24,803] {logging_mixin.py:103} INFO - [2021-02-16 10:30:24,800] {dagbag.py:297} ERROR - Failed to import: /Users/sara/airflow/dags/ge_snowflake_dag.py
Traceback (most recent call last):
  File "/Users/sara/Dropbox/My Mac (admin’s MacBook Air)/Desktop/demo/great_expectations/great_expectations/data_context/data_context.py", line 3404, in _load_project_config
    with open(path_to_yml) as data:
FileNotFoundError: [Errno 2] No such file or directory: '/Users/sara/airflow/dags/snowflake/great_expectations/great_expectations.yml'

During handling of the above exception, another exception occurred:

Traceback (most recent call last):
  File "/Users/sara/p38_demo_env/lib/python3.8/site-packages/airflow/models/dagbag.py", line 294, in _load_modules_from_file
    loader.exec_module(new_module)
  File "<frozen importlib._bootstrap_external>", line 783, in exec_module
  File "<frozen importlib._bootstrap>", line 219, in _call_with_frames_removed
  File "/Users/sara/airflow/dags/ge_snowflake_dag.py", line 59, in <module>
    ge_checkpoint_pass = GreatExpectationsOperator(
  File "/Users/sara/p38_demo_env/lib/python3.8/site-packages/airflow/models/baseoperator.py", line 89, in __call__
    obj: BaseOperator = type.__call__(cls, *args, **kwargs)
  File "/Users/sara/p38_demo_env/lib/python3.8/site-packages/airflow/utils/decorators.py", line 94, in wrapper
    result = func(*args, **kwargs)
  File "/Users/sara/p38_demo_env/lib/python3.8/site-packages/great_expectations_provider/operators/great_expectations.py", line 76, in __init__
    self.data_context = ge.DataContext(data_context_root_dir)
  File "/Users/sara/Dropbox/My Mac (admin’s MacBook Air)/Desktop/demo/great_expectations/great_expectations/data_context/data_context.py", line 3383, in __init__
    project_config = self._load_project_config()
  File "/Users/sara/Dropbox/My Mac (admin’s MacBook Air)/Desktop/demo/great_expectations/great_expectations/data_context/data_context.py", line 3418, in _load_project_config
    raise ge_exceptions.ConfigNotFoundError()
great_expectations.exceptions.exceptions.ConfigNotFoundError: Error: No great_expectations directory was found here!
    - Please check that you are in the correct directory or have specified the correct directory.
    - If you have never run Great Expectations in this project, please run `great_expectations init` to get started.
[2021-02-16 10:30:24,803] {scheduler_job.py:641} WARNING - No viable dags retrieved from /Users/sara/airflow/dags/ge_snowflake_dag.py
[2021-02-16 10:30:24,846] {scheduler_job.py:189} INFO - Processing /Users/sara/airflow/dags/ge_snowflake_dag.py took 3.248 seconds
[2021-02-16 10:30:45,367] {scheduler_job.py:181} INFO - Started process (PID=8200) to work on /Users/sara/airflow/dags/ge_snowflake_dag.py
[2021-02-16 10:30:45,368] {scheduler_job.py:629} INFO - Processing file /Users/sara/airflow/dags/ge_snowflake_dag.py for tasks to queue
[2021-02-16 10:30:45,369] {logging_mixin.py:103} INFO - [2021-02-16 10:30:45,369] {dagbag.py:440} INFO - Filling up the DagBag from /Users/sara/airflow/dags/ge_snowflake_dag.py
[2021-02-16 10:30:47,372] {logging_mixin.py:103} INFO - [2021-02-16 10:30:47,372] {arrow_result.pyx:0} INFO - Failed to import optional packages, pyarrow
[2021-02-16 10:30:47,752] {logging_mixin.py:103} INFO - [2021-02-16 10:30:47,738] {dagbag.py:297} ERROR - Failed to import: /Users/sara/airflow/dags/ge_snowflake_dag.py
Traceback (most recent call last):
  File "/Users/sara/Dropbox/My Mac (admin’s MacBook Air)/Desktop/demo/great_expectations/great_expectations/data_context/data_context.py", line 3404, in _load_project_config
    with open(path_to_yml) as data:
FileNotFoundError: [Errno 2] No such file or directory: '/Users/sara/airflow/dags/snowflake/great_expectations/great_expectations.yml'

During handling of the above exception, another exception occurred:

Traceback (most recent call last):
  File "/Users/sara/p38_demo_env/lib/python3.8/site-packages/airflow/models/dagbag.py", line 294, in _load_modules_from_file
    loader.exec_module(new_module)
  File "<frozen importlib._bootstrap_external>", line 783, in exec_module
  File "<frozen importlib._bootstrap>", line 219, in _call_with_frames_removed
  File "/Users/sara/airflow/dags/ge_snowflake_dag.py", line 59, in <module>
    ge_checkpoint_pass = GreatExpectationsOperator(
  File "/Users/sara/p38_demo_env/lib/python3.8/site-packages/airflow/models/baseoperator.py", line 89, in __call__
    obj: BaseOperator = type.__call__(cls, *args, **kwargs)
  File "/Users/sara/p38_demo_env/lib/python3.8/site-packages/airflow/utils/decorators.py", line 94, in wrapper
    result = func(*args, **kwargs)
  File "/Users/sara/p38_demo_env/lib/python3.8/site-packages/great_expectations_provider/operators/great_expectations.py", line 76, in __init__
    self.data_context = ge.DataContext(data_context_root_dir)
  File "/Users/sara/Dropbox/My Mac (admin’s MacBook Air)/Desktop/demo/great_expectations/great_expectations/data_context/data_context.py", line 3383, in __init__
    project_config = self._load_project_config()
  File "/Users/sara/Dropbox/My Mac (admin’s MacBook Air)/Desktop/demo/great_expectations/great_expectations/data_context/data_context.py", line 3418, in _load_project_config
    raise ge_exceptions.ConfigNotFoundError()
great_expectations.exceptions.exceptions.ConfigNotFoundError: Error: No great_expectations directory was found here!
    - Please check that you are in the correct directory or have specified the correct directory.
    - If you have never run Great Expectations in this project, please run `great_expectations init` to get started.
[2021-02-16 10:30:47,752] {scheduler_job.py:641} WARNING - No viable dags retrieved from /Users/sara/airflow/dags/ge_snowflake_dag.py
[2021-02-16 10:30:47,792] {scheduler_job.py:189} INFO - Processing /Users/sara/airflow/dags/ge_snowflake_dag.py took 2.425 seconds
[2021-02-16 10:31:07,844] {scheduler_job.py:181} INFO - Started process (PID=8239) to work on /Users/sara/airflow/dags/ge_snowflake_dag.py
[2021-02-16 10:31:07,846] {scheduler_job.py:629} INFO - Processing file /Users/sara/airflow/dags/ge_snowflake_dag.py for tasks to queue
[2021-02-16 10:31:07,847] {logging_mixin.py:103} INFO - [2021-02-16 10:31:07,847] {dagbag.py:440} INFO - Filling up the DagBag from /Users/sara/airflow/dags/ge_snowflake_dag.py
[2021-02-16 10:31:09,789] {logging_mixin.py:103} INFO - [2021-02-16 10:31:09,789] {arrow_result.pyx:0} INFO - Failed to import optional packages, pyarrow
[2021-02-16 10:31:10,107] {logging_mixin.py:103} INFO - [2021-02-16 10:31:10,093] {dagbag.py:297} ERROR - Failed to import: /Users/sara/airflow/dags/ge_snowflake_dag.py
Traceback (most recent call last):
  File "/Users/sara/Dropbox/My Mac (admin’s MacBook Air)/Desktop/demo/great_expectations/great_expectations/data_context/data_context.py", line 3404, in _load_project_config
    with open(path_to_yml) as data:
FileNotFoundError: [Errno 2] No such file or directory: '/Users/sara/airflow/dags/snowflake/great_expectations/great_expectations.yml'

During handling of the above exception, another exception occurred:

Traceback (most recent call last):
  File "/Users/sara/p38_demo_env/lib/python3.8/site-packages/airflow/models/dagbag.py", line 294, in _load_modules_from_file
    loader.exec_module(new_module)
  File "<frozen importlib._bootstrap_external>", line 783, in exec_module
  File "<frozen importlib._bootstrap>", line 219, in _call_with_frames_removed
  File "/Users/sara/airflow/dags/ge_snowflake_dag.py", line 59, in <module>
    ge_checkpoint_pass = GreatExpectationsOperator(
  File "/Users/sara/p38_demo_env/lib/python3.8/site-packages/airflow/models/baseoperator.py", line 89, in __call__
    obj: BaseOperator = type.__call__(cls, *args, **kwargs)
  File "/Users/sara/p38_demo_env/lib/python3.8/site-packages/airflow/utils/decorators.py", line 94, in wrapper
    result = func(*args, **kwargs)
  File "/Users/sara/p38_demo_env/lib/python3.8/site-packages/great_expectations_provider/operators/great_expectations.py", line 76, in __init__
    self.data_context = ge.DataContext(data_context_root_dir)
  File "/Users/sara/Dropbox/My Mac (admin’s MacBook Air)/Desktop/demo/great_expectations/great_expectations/data_context/data_context.py", line 3383, in __init__
    project_config = self._load_project_config()
  File "/Users/sara/Dropbox/My Mac (admin’s MacBook Air)/Desktop/demo/great_expectations/great_expectations/data_context/data_context.py", line 3418, in _load_project_config
    raise ge_exceptions.ConfigNotFoundError()
great_expectations.exceptions.exceptions.ConfigNotFoundError: Error: No great_expectations directory was found here!
    - Please check that you are in the correct directory or have specified the correct directory.
    - If you have never run Great Expectations in this project, please run `great_expectations init` to get started.
[2021-02-16 10:31:10,108] {scheduler_job.py:641} WARNING - No viable dags retrieved from /Users/sara/airflow/dags/ge_snowflake_dag.py
[2021-02-16 10:31:10,141] {scheduler_job.py:189} INFO - Processing /Users/sara/airflow/dags/ge_snowflake_dag.py took 2.298 seconds
[2021-02-16 10:31:29,143] {scheduler_job.py:181} INFO - Started process (PID=8279) to work on /Users/sara/airflow/dags/ge_snowflake_dag.py
[2021-02-16 10:31:29,143] {scheduler_job.py:629} INFO - Processing file /Users/sara/airflow/dags/ge_snowflake_dag.py for tasks to queue
[2021-02-16 10:31:29,144] {logging_mixin.py:103} INFO - [2021-02-16 10:31:29,144] {dagbag.py:440} INFO - Filling up the DagBag from /Users/sara/airflow/dags/ge_snowflake_dag.py
[2021-02-16 10:31:31,595] {logging_mixin.py:103} INFO - [2021-02-16 10:31:31,594] {arrow_result.pyx:0} INFO - Failed to import optional packages, pyarrow
[2021-02-16 10:31:31,894] {logging_mixin.py:103} INFO - [2021-02-16 10:31:31,891] {dagbag.py:297} ERROR - Failed to import: /Users/sara/airflow/dags/ge_snowflake_dag.py
Traceback (most recent call last):
  File "/Users/sara/Dropbox/My Mac (admin’s MacBook Air)/Desktop/demo/great_expectations/great_expectations/data_context/data_context.py", line 3404, in _load_project_config
    with open(path_to_yml) as data:
FileNotFoundError: [Errno 2] No such file or directory: '/Users/sara/airflow/dags/snowflake/great_expectations/great_expectations.yml'

During handling of the above exception, another exception occurred:

Traceback (most recent call last):
  File "/Users/sara/p38_demo_env/lib/python3.8/site-packages/airflow/models/dagbag.py", line 294, in _load_modules_from_file
    loader.exec_module(new_module)
  File "<frozen importlib._bootstrap_external>", line 783, in exec_module
  File "<frozen importlib._bootstrap>", line 219, in _call_with_frames_removed
  File "/Users/sara/airflow/dags/ge_snowflake_dag.py", line 59, in <module>
    ge_checkpoint_pass = GreatExpectationsOperator(
  File "/Users/sara/p38_demo_env/lib/python3.8/site-packages/airflow/models/baseoperator.py", line 89, in __call__
    obj: BaseOperator = type.__call__(cls, *args, **kwargs)
  File "/Users/sara/p38_demo_env/lib/python3.8/site-packages/airflow/utils/decorators.py", line 94, in wrapper
    result = func(*args, **kwargs)
  File "/Users/sara/p38_demo_env/lib/python3.8/site-packages/great_expectations_provider/operators/great_expectations.py", line 76, in __init__
    self.data_context = ge.DataContext(data_context_root_dir)
  File "/Users/sara/Dropbox/My Mac (admin’s MacBook Air)/Desktop/demo/great_expectations/great_expectations/data_context/data_context.py", line 3383, in __init__
    project_config = self._load_project_config()
  File "/Users/sara/Dropbox/My Mac (admin’s MacBook Air)/Desktop/demo/great_expectations/great_expectations/data_context/data_context.py", line 3418, in _load_project_config
    raise ge_exceptions.ConfigNotFoundError()
great_expectations.exceptions.exceptions.ConfigNotFoundError: Error: No great_expectations directory was found here!
    - Please check that you are in the correct directory or have specified the correct directory.
    - If you have never run Great Expectations in this project, please run `great_expectations init` to get started.
[2021-02-16 10:31:31,895] {scheduler_job.py:641} WARNING - No viable dags retrieved from /Users/sara/airflow/dags/ge_snowflake_dag.py
[2021-02-16 10:31:31,929] {scheduler_job.py:189} INFO - Processing /Users/sara/airflow/dags/ge_snowflake_dag.py took 2.787 seconds
[2021-02-16 10:31:52,106] {scheduler_job.py:181} INFO - Started process (PID=8317) to work on /Users/sara/airflow/dags/ge_snowflake_dag.py
[2021-02-16 10:31:52,106] {scheduler_job.py:629} INFO - Processing file /Users/sara/airflow/dags/ge_snowflake_dag.py for tasks to queue
[2021-02-16 10:31:52,107] {logging_mixin.py:103} INFO - [2021-02-16 10:31:52,106] {dagbag.py:440} INFO - Filling up the DagBag from /Users/sara/airflow/dags/ge_snowflake_dag.py
[2021-02-16 10:31:54,797] {logging_mixin.py:103} INFO - [2021-02-16 10:31:54,797] {arrow_result.pyx:0} INFO - Failed to import optional packages, pyarrow
[2021-02-16 10:31:55,284] {logging_mixin.py:103} INFO - [2021-02-16 10:31:55,280] {dagbag.py:297} ERROR - Failed to import: /Users/sara/airflow/dags/ge_snowflake_dag.py
Traceback (most recent call last):
  File "/Users/sara/Dropbox/My Mac (admin’s MacBook Air)/Desktop/demo/great_expectations/great_expectations/data_context/data_context.py", line 3404, in _load_project_config
    with open(path_to_yml) as data:
FileNotFoundError: [Errno 2] No such file or directory: '/Users/sara/airflow/dags/snowflake/great_expectations/great_expectations.yml'

During handling of the above exception, another exception occurred:

Traceback (most recent call last):
  File "/Users/sara/p38_demo_env/lib/python3.8/site-packages/airflow/models/dagbag.py", line 294, in _load_modules_from_file
    loader.exec_module(new_module)
  File "<frozen importlib._bootstrap_external>", line 783, in exec_module
  File "<frozen importlib._bootstrap>", line 219, in _call_with_frames_removed
  File "/Users/sara/airflow/dags/ge_snowflake_dag.py", line 59, in <module>
    ge_checkpoint_pass = GreatExpectationsOperator(
  File "/Users/sara/p38_demo_env/lib/python3.8/site-packages/airflow/models/baseoperator.py", line 89, in __call__
    obj: BaseOperator = type.__call__(cls, *args, **kwargs)
  File "/Users/sara/p38_demo_env/lib/python3.8/site-packages/airflow/utils/decorators.py", line 94, in wrapper
    result = func(*args, **kwargs)
  File "/Users/sara/p38_demo_env/lib/python3.8/site-packages/great_expectations_provider/operators/great_expectations.py", line 76, in __init__
    self.data_context = ge.DataContext(data_context_root_dir)
  File "/Users/sara/Dropbox/My Mac (admin’s MacBook Air)/Desktop/demo/great_expectations/great_expectations/data_context/data_context.py", line 3383, in __init__
    project_config = self._load_project_config()
  File "/Users/sara/Dropbox/My Mac (admin’s MacBook Air)/Desktop/demo/great_expectations/great_expectations/data_context/data_context.py", line 3418, in _load_project_config
    raise ge_exceptions.ConfigNotFoundError()
great_expectations.exceptions.exceptions.ConfigNotFoundError: Error: No great_expectations directory was found here!
    - Please check that you are in the correct directory or have specified the correct directory.
    - If you have never run Great Expectations in this project, please run `great_expectations init` to get started.
[2021-02-16 10:31:55,284] {scheduler_job.py:641} WARNING - No viable dags retrieved from /Users/sara/airflow/dags/ge_snowflake_dag.py
[2021-02-16 10:31:55,345] {scheduler_job.py:189} INFO - Processing /Users/sara/airflow/dags/ge_snowflake_dag.py took 3.239 seconds
[2021-02-16 10:32:16,449] {scheduler_job.py:181} INFO - Started process (PID=8362) to work on /Users/sara/airflow/dags/ge_snowflake_dag.py
[2021-02-16 10:32:16,449] {scheduler_job.py:629} INFO - Processing file /Users/sara/airflow/dags/ge_snowflake_dag.py for tasks to queue
[2021-02-16 10:32:16,450] {logging_mixin.py:103} INFO - [2021-02-16 10:32:16,450] {dagbag.py:440} INFO - Filling up the DagBag from /Users/sara/airflow/dags/ge_snowflake_dag.py
[2021-02-16 10:32:18,461] {logging_mixin.py:103} INFO - [2021-02-16 10:32:18,460] {arrow_result.pyx:0} INFO - Failed to import optional packages, pyarrow
[2021-02-16 10:32:18,771] {logging_mixin.py:103} INFO - [2021-02-16 10:32:18,768] {dagbag.py:297} ERROR - Failed to import: /Users/sara/airflow/dags/ge_snowflake_dag.py
Traceback (most recent call last):
  File "/Users/sara/Dropbox/My Mac (admin’s MacBook Air)/Desktop/demo/great_expectations/great_expectations/data_context/data_context.py", line 3404, in _load_project_config
    with open(path_to_yml) as data:
FileNotFoundError: [Errno 2] No such file or directory: '/Users/sara/airflow/dags/snowflake/great_expectations/great_expectations.yml'

During handling of the above exception, another exception occurred:

Traceback (most recent call last):
  File "/Users/sara/p38_demo_env/lib/python3.8/site-packages/airflow/models/dagbag.py", line 294, in _load_modules_from_file
    loader.exec_module(new_module)
  File "<frozen importlib._bootstrap_external>", line 783, in exec_module
  File "<frozen importlib._bootstrap>", line 219, in _call_with_frames_removed
  File "/Users/sara/airflow/dags/ge_snowflake_dag.py", line 59, in <module>
    ge_checkpoint_pass = GreatExpectationsOperator(
  File "/Users/sara/p38_demo_env/lib/python3.8/site-packages/airflow/models/baseoperator.py", line 89, in __call__
    obj: BaseOperator = type.__call__(cls, *args, **kwargs)
  File "/Users/sara/p38_demo_env/lib/python3.8/site-packages/airflow/utils/decorators.py", line 94, in wrapper
    result = func(*args, **kwargs)
  File "/Users/sara/p38_demo_env/lib/python3.8/site-packages/great_expectations_provider/operators/great_expectations.py", line 76, in __init__
    self.data_context = ge.DataContext(data_context_root_dir)
  File "/Users/sara/Dropbox/My Mac (admin’s MacBook Air)/Desktop/demo/great_expectations/great_expectations/data_context/data_context.py", line 3383, in __init__
    project_config = self._load_project_config()
  File "/Users/sara/Dropbox/My Mac (admin’s MacBook Air)/Desktop/demo/great_expectations/great_expectations/data_context/data_context.py", line 3418, in _load_project_config
    raise ge_exceptions.ConfigNotFoundError()
great_expectations.exceptions.exceptions.ConfigNotFoundError: Error: No great_expectations directory was found here!
    - Please check that you are in the correct directory or have specified the correct directory.
    - If you have never run Great Expectations in this project, please run `great_expectations init` to get started.
[2021-02-16 10:32:18,772] {scheduler_job.py:641} WARNING - No viable dags retrieved from /Users/sara/airflow/dags/ge_snowflake_dag.py
[2021-02-16 10:32:18,806] {scheduler_job.py:189} INFO - Processing /Users/sara/airflow/dags/ge_snowflake_dag.py took 2.358 seconds
[2021-02-16 10:32:37,506] {scheduler_job.py:181} INFO - Started process (PID=8397) to work on /Users/sara/airflow/dags/ge_snowflake_dag.py
[2021-02-16 10:32:37,507] {scheduler_job.py:629} INFO - Processing file /Users/sara/airflow/dags/ge_snowflake_dag.py for tasks to queue
[2021-02-16 10:32:37,507] {logging_mixin.py:103} INFO - [2021-02-16 10:32:37,507] {dagbag.py:440} INFO - Filling up the DagBag from /Users/sara/airflow/dags/ge_snowflake_dag.py
[2021-02-16 10:32:37,508] {scheduler_job.py:641} WARNING - No viable dags retrieved from /Users/sara/airflow/dags/ge_snowflake_dag.py
[2021-02-16 10:32:37,508] {scheduler_job.py:189} INFO - Processing /Users/sara/airflow/dags/ge_snowflake_dag.py took 0.003 seconds
[2021-02-16 10:32:58,656] {scheduler_job.py:181} INFO - Started process (PID=8433) to work on /Users/sara/airflow/dags/ge_snowflake_dag.py
[2021-02-16 10:32:58,657] {scheduler_job.py:629} INFO - Processing file /Users/sara/airflow/dags/ge_snowflake_dag.py for tasks to queue
[2021-02-16 10:32:58,657] {logging_mixin.py:103} INFO - [2021-02-16 10:32:58,657] {dagbag.py:440} INFO - Filling up the DagBag from /Users/sara/airflow/dags/ge_snowflake_dag.py
[2021-02-16 10:32:58,657] {scheduler_job.py:641} WARNING - No viable dags retrieved from /Users/sara/airflow/dags/ge_snowflake_dag.py
[2021-02-16 10:32:58,658] {scheduler_job.py:189} INFO - Processing /Users/sara/airflow/dags/ge_snowflake_dag.py took 0.004 seconds
[2021-02-16 10:33:17,432] {scheduler_job.py:181} INFO - Started process (PID=8463) to work on /Users/sara/airflow/dags/ge_snowflake_dag.py
[2021-02-16 10:33:17,432] {scheduler_job.py:629} INFO - Processing file /Users/sara/airflow/dags/ge_snowflake_dag.py for tasks to queue
[2021-02-16 10:33:17,433] {logging_mixin.py:103} INFO - [2021-02-16 10:33:17,433] {dagbag.py:440} INFO - Filling up the DagBag from /Users/sara/airflow/dags/ge_snowflake_dag.py
[2021-02-16 10:33:17,433] {scheduler_job.py:641} WARNING - No viable dags retrieved from /Users/sara/airflow/dags/ge_snowflake_dag.py
[2021-02-16 10:33:17,433] {scheduler_job.py:189} INFO - Processing /Users/sara/airflow/dags/ge_snowflake_dag.py took 0.002 seconds
[2021-02-16 10:33:36,573] {scheduler_job.py:181} INFO - Started process (PID=8494) to work on /Users/sara/airflow/dags/ge_snowflake_dag.py
[2021-02-16 10:33:36,574] {scheduler_job.py:629} INFO - Processing file /Users/sara/airflow/dags/ge_snowflake_dag.py for tasks to queue
[2021-02-16 10:33:36,574] {logging_mixin.py:103} INFO - [2021-02-16 10:33:36,574] {dagbag.py:440} INFO - Filling up the DagBag from /Users/sara/airflow/dags/ge_snowflake_dag.py
[2021-02-16 10:33:36,575] {scheduler_job.py:641} WARNING - No viable dags retrieved from /Users/sara/airflow/dags/ge_snowflake_dag.py
[2021-02-16 10:33:36,575] {scheduler_job.py:189} INFO - Processing /Users/sara/airflow/dags/ge_snowflake_dag.py took 0.002 seconds
[2021-02-16 10:33:54,272] {scheduler_job.py:181} INFO - Started process (PID=8524) to work on /Users/sara/airflow/dags/ge_snowflake_dag.py
[2021-02-16 10:33:54,273] {scheduler_job.py:629} INFO - Processing file /Users/sara/airflow/dags/ge_snowflake_dag.py for tasks to queue
[2021-02-16 10:33:54,273] {logging_mixin.py:103} INFO - [2021-02-16 10:33:54,273] {dagbag.py:440} INFO - Filling up the DagBag from /Users/sara/airflow/dags/ge_snowflake_dag.py
[2021-02-16 10:33:54,273] {scheduler_job.py:641} WARNING - No viable dags retrieved from /Users/sara/airflow/dags/ge_snowflake_dag.py
[2021-02-16 10:33:54,274] {scheduler_job.py:189} INFO - Processing /Users/sara/airflow/dags/ge_snowflake_dag.py took 0.002 seconds
